<!DOCTYPE html PUBLIC "-//W3C//DTD XHTML 1.0 Transitional//EN" "http://www.w3.org/TR/xhtml1/DTD/xhtml1-transitional.dtd">
<html xmlns="http://www.w3.org/1999/xhtml">

<head>
	<meta http-equiv="Content-Type" content="text/html; charset=utf-8" />
	<meta name="viewport" content="width=device-width, initial-scale=1.0" />
	<title>Верстка PSD</title>
	<link rel="stylesheet" href="css/style.css" />
</head>

<body>
	<div id="wrapper">
		<div id="header">
			<div class="conteiner clearfix">
				<div class="logo">
					<a href=""><img src="img/logo.png" height="28" width="79"
           alt=""></a>
				</div>
				<ul class="nav">
					<li><a href="#">Home</a></li>
					<li><a href="#">Services</a></li>
					<li><a href="#">Portfolio</a></li>
					<li><a href="#">About</a></li>
					<li><a href="#">Contact</a></li>
				</ul>
			</div>
		</div>
		<div id="home">
			<div class="conteiner">
				<h3>Welcome To Our Studio!</h3>
				<h1>It’s nice to Meet you</h1>
				<button class="btn">Tell Me More </button>
			</div>
		</div>
		<div id="service" class="box">
			<div class="conteiner">
				<h2 class="title">Services </h2>
				<p class="descr">Proin iaculis purus consequat sem cure.</p>
				<div class="services-wrap clearfix">
					<div class="services-item commerce">
						<h5 class="title">E-Commerce</h5>
						<p>Proin iaculis purus consequat sem cure digni ssim. Donec porttitora entum suscipit</p>
					</div>
					<div class="services-item responsive">
						<h5 class="title">Responsive Web</h5>
						<p>Proin iaculis purus consequat sem cure digni ssim. Donec porttitora entum suscipit</p>
					</div>
					<div class="services-item security">
						<h5 class="title">Web Security</h5>
						<p>Proin iaculis purus consequat sem cure digni ssim. Donec porttitora entum suscipit
						</p>
					</div>
				</div>
			</div>
		</div>

		<div id="portfolio" class="box">
			<div class="conteiner">
				<h2 class="title">Our portfolio</h2>
				<p class="descr">Proin iaculis purus consequat sem cure.</p>
				<div class="portfolio-wrap clearfix">
					<div class="portfolio-item">
						<a href=""><img src="img/p-item1.jpg" height="300" width="291" alt=""/></a>
						<div class="p-item-footer">
							<h5 class="title">Ebony & Ivory</h5>
							<span>Branding</span>
						</div>
					</div>

					<div class="portfolio-item">
						<a href=""><img src="img/p-item2.jpg" height="300" width="291" alt=""/></a>
						<div class="p-item-footer">
							<h5 class="title">Ebony & Ivory</h5>
							<span>Branding</span>
						</div>
					</div>

					<div class="portfolio-item">
						<a href=""><img src="img/p-item3.jpg" height="300" width="291" alt=""/></a>
						<div class="p-item-footer">
							<h5 class="title">Ebony & Ivory</h5>
							<span>Branding</span>
						</div>
					</div>

					<div class="portfolio-item">
						<a href=""><img src="img/p-item4.jpg" height="300" width="291" alt=""/></a>
						<div class="p-item-footer">
							<h5 class="title">Ebony & Ivory</h5>
							<span>Branding</span>
						</div>
					</div>

					<div class="portfolio-item">
						<a href=""><img src="img/p-item5.jpg" height="300" width="291" alt=""/></a>
						<div class="p-item-footer">
							<h5 class="title">Ebony & Ivory</h5>
							<span>Branding</span>
						</div>
					</div>

					<div class="portfolio-item">
						<a href=""><img src="img/p-item6.jpg" height="300" width="291" alt=""/></a>
						<div class="p-item-footer">
							<h5 class="title">Ebony & Ivory</h5>
							<span>Branding</span>
						</div>
					</div>
				</div>
			</div>
		</div>
		<div id="about" name="about" class="box">
			<div class="conteiner">
				<h2 class="title">About Us</h2>
				<p class="descr">Proin iaculis purus consequat sem cure</p>
				<div class="about-wrap">
					<div class="about-item clearfix">
						<div class="about-text left text-right">
							<h5 class="title"><span>July 2010	</span><br/>Our Humble Beginnings</h5>
							<p> Proin iaculis purus consequat sem cure digni ssim. Donec porttitora entum suscipit aenean rhoncus posuere odio in tincidunt. Proin iaculis purus consequat sem cure digni ssim. Donec porttitora entum suscipit.</p>
						</div>
						<div class="about-img left">
							<img src="img/about-item1.jpg" alt="" />

						</div>
					</div>

					<div class="about-item clearfix">
						<div class="about-text right text-left">
							<h5 class="title"><span>January 2011</span>	<br/>Facing Startup Battles</h5>
							<p> Proin iaculis purus consequat sem cure digni ssim. Donec porttitora entum suscipit aenean rhoncus posuere odio in tincidunt. Proin iaculis purus consequat sem cure digni ssim. Donec porttitora entum suscipit aenean rhoncus posuere odio in tincidunt.</p>
						</div>
						<div class="about-img right">
							<img src="img/about-item2.jpg" alt="" />

						</div>
					</div>

					<div class="about-item clearfix">
						<div class="about-text left text-right">
							<h5 class="title"><span>December 2012	</span><br/>Enter The Dark Days</h5>
							<p> Proin iaculis purus consequat sem cure digni ssim. Donec porttitora entum suscipit aenean rhoncus posuere odio in tincidunt. Proin iaculis purus consequat sem cure digni.</p>
						</div>
						<div class="about-img left">
							<img src="img/about-item3.jpg" alt="" />

						</div>
					</div>

					<div class="about-item clearfix">
						<div class="about-text right text-left">
							<h5 class="title"><span>February 2014</span><br/>Our Triumph</h5>
							<p>Proin iaculis purus consequat sem cure digni ssim. Donec porttitora entum suscipit aenean rhoncus posuere odio in tincidunt. Proin iaculis purus consequat sem cure digni ssim. Donec porttitora entum suscipit aenean.</p>
						</div>
						<div class="about-img right">
							<img src="img/about-item4.jpg" alt="" />

						</div>
					</div>
					<a href="" class="about-link">Our</br> Story </br>Continues</br>...</a>
				</div>
			</div>

		</div>

		<div id="team" class="box">
			<div class="conteiner">
				<h2 class="title">our amazing team </h2>
				<p class="descr">Proin iaculis purus consequat sem cure</p>
				<div class="team-wrap clearfix">
					<div class="team-item">
						<img src="img/team-img.jpg" height="220" width="220" alt="" />
						<h5 class="title">Kimberly Thompson</h5>
						<p class="cat">Marketer </p>
						<div class="social">
							<a href="#" class="ic-tw">&#160;</a>
							<a href="#" class="ic-fb">&#160;</a>
							<a href="#" class="ic-pn">&#160;</a>
						</div>
					</div>

					<div class="team-item">
						<img src="img/team-img.jpg" height="220" width="220" alt="" />
						<h5 class="title">Kimberly Thompson</h5>
						<p class="cat">Marketer </p>
						<div class="social">
							<a href="#" class="ic-tw">&#160;</a>
							<a href="#" class="ic-fb">&#160;</a>
							<a href="#" class="ic-gl">&#160;</a>
						</div>
					</div>


					<div class="team-item">
						<img src="img/team-img.jpg" height="220" width="220" alt="" />
						<h5 class="title">Kimberly Thompson</h5>
						<p class="cat">Marketer </p>
						<div class="social">

							<a href="#" class="ic-fb">&#160;</a>
							<a href="#" class="ic-pn">&#160;</a>
						</div>
					</div>


				</div>
				<p class="descr team-info">Proin iaculis purus consequat sem cure digni ssim donec porttitora entum suscipit <br/> aenean rhoncus posuere odio in tincidunt proin iaculis.</p>
			</div>
		</div>
		<div id="brand">
			<div class="conteiner">
				<a href="#"><img src="img/envato.jpg" height="30" width:"161" alt=""></a>
				<a href="#"><img src="img/wordpress.png" height="42" width:"186" alt=""></a>
				<a href="#"><img src="img/tuts.jpg" alt=""></a>
				<a href="#"><img src="img/microlancer-copy.jpg" alt=""></a>
			</div>
		</div>

		<div id="contact" name="contact" class="box">
			<div class="conteiner">
				<h2 class="title">Contact us </h2>
				<p c lass="descr">Proin iaculis purus consequat sem cure</p>
<form action="#" id="messege">
	<div class="clearfix">
		<div class="left">
					<input type="text" placeholder="your Name *"/>
					<input type="text" placeholder="your e-mail *"/>
					<input type="text" placeholder="subject"/>
				</div>
		<div class="right">
			<textarea   cols="0" rows="0"placeholder="Your message *">	</textarea>
		</div>
	</div>
</form>
<input type="submit" value="Send Message" class="btn"/>

	</div>
</div>

<div id="copyright">
	<div class="conteiner clearfix">
		<p class="left">&copy; Copyright 2014 FreebiesXpress.com</p>
		<div class="social">
			<a href="#" class="ic-tw black">&#160;</a>
			<a href="#" class="ic-fb black">&#160;</a>
			<a href="#" class="ic-pn black">&#160;</a>
				<a href="#" class="ic-gl black">&#160;</a>
		</div>

	</div>
</div>
</div>
</body>

</html>
